Flow report for AddressDecode
Thu Mar 21 20:38:46 2013
Quartus II Version 9.1 Build 350 03/24/2010 Service Pack 2 SJ Web Edition


---------------------
; Table of Contents ;
---------------------
  1. Legal Notice
  2. Flow Summary
  3. Flow Settings
  4. Flow Non-Default Global Settings
  5. Flow Elapsed Time
  6. Flow OS Summary
  7. Flow Log



----------------
; Legal Notice ;
----------------
Copyright (C) 1991-2010 Altera Corporation
Your use of Altera Corporation's design tools, logic functions 
and other software and tools, and its AMPP partner logic 
functions, and any output files from any of the foregoing 
(including device programming or simulation files), and any 
associated documentation or information are expressly subject 
to the terms and conditions of the Altera Program License 
Subscription Agreement, Altera MegaCore Function License 
Agreement, or other applicable license agreement, including, 
without limitation, that your use is for the sole purpose of 
programming logic devices manufactured by Altera and sold by 
Altera or its authorized distributors.  Please refer to the 
applicable agreement for further details.



+------------------------------------------------------------------------+
; Flow Summary                                                           ;
+-------------------------+----------------------------------------------+
; Flow Status             ; Successful - Thu Mar 21 20:38:46 2013        ;
; Quartus II Version      ; 9.1 Build 350 03/24/2010 SP 2 SJ Web Edition ;
; Revision Name           ; AddressDecode                                ;
; Top-level Entity Name   ; AddressDecode                                ;
; Family                  ; MAX3000A                                     ;
; Device                  ; EPM3064ALC44-10                              ;
; Timing Models           ; Final                                        ;
; Met timing requirements ; Yes                                          ;
; Total macrocells        ; 4 / 64 ( 6 % )                               ;
; Total pins              ; 25 / 34 ( 74 % )                             ;
+-------------------------+----------------------------------------------+


+-----------------------------------------+
; Flow Settings                           ;
+-------------------+---------------------+
; Option            ; Setting             ;
+-------------------+---------------------+
; Start date & time ; 03/21/2013 20:38:33 ;
; Main task         ; Compilation         ;
; Revision Name     ; AddressDecode       ;
+-------------------+---------------------+


+----------------------------------------------------------------------------------------------------------------------------------------------------+
; Flow Non-Default Global Settings                                                                                                                   ;
+-----------------------+---------------------------------------------------------------------------------+---------------+-------------+------------+
; Assignment Name       ; Value                                                                           ; Default Value ; Entity Name ; Section Id ;
+-----------------------+---------------------------------------------------------------------------------+---------------+-------------+------------+
; COMPILER_SIGNATURE_ID ; 158330983544221.136391271304108                                                 ; --            ; --          ; --         ;
; MISC_FILE             ; C:/Users/Brandon/Dropbox/school/microp/labs/lab3/QuartusFiles/AddressDecode.dpf ; --            ; --          ; --         ;
; MISC_FILE             ; C:/Users/Brandon/Dropbox/school/microp/labs/lab4/QuartusFiles/AddressDecode.dpf ; --            ; --          ; --         ;
+-----------------------+---------------------------------------------------------------------------------+---------------+-------------+------------+


+-----------------------------------------------------------------------------------------------------------------------------+
; Flow Elapsed Time                                                                                                           ;
+-------------------------+--------------+-------------------------+---------------------+------------------------------------+
; Module Name             ; Elapsed Time ; Average Processors Used ; Peak Virtual Memory ; Total CPU Time (on all processors) ;
+-------------------------+--------------+-------------------------+---------------------+------------------------------------+
; Analysis & Synthesis    ; 00:00:03     ; 1.0                     ; 183 MB              ; 00:00:03                           ;
; Fitter                  ; 00:00:01     ; 1.0                     ; 153 MB              ; 00:00:03                           ;
; Assembler               ; 00:00:02     ; 1.0                     ; 165 MB              ; 00:00:01                           ;
; Classic Timing Analyzer ; 00:00:02     ; 1.0                     ; 136 MB              ; 00:00:02                           ;
; Total                   ; 00:00:08     ; --                      ; --                  ; 00:00:09                           ;
+-------------------------+--------------+-------------------------+---------------------+------------------------------------+


+------------------------------------------------------------------------------------------+
; Flow OS Summary                                                                          ;
+-------------------------+------------------+---------------+------------+----------------+
; Module Name             ; Machine Hostname ; OS Name       ; OS Version ; Processor type ;
+-------------------------+------------------+---------------+------------+----------------+
; Analysis & Synthesis    ; Brandon-netbook  ; Windows Vista ; 6.1        ; i2086          ;
; Fitter                  ; Brandon-netbook  ; Windows Vista ; 6.1        ; i2086          ;
; Assembler               ; Brandon-netbook  ; Windows Vista ; 6.1        ; i2086          ;
; Classic Timing Analyzer ; Brandon-netbook  ; Windows Vista ; 6.1        ; i2086          ;
+-------------------------+------------------+---------------+------------+----------------+


------------
; Flow Log ;
------------
quartus_map --read_settings_files=on --write_settings_files=off AddressDecode -c AddressDecode
quartus_fit --read_settings_files=off --write_settings_files=off AddressDecode -c AddressDecode
quartus_asm --read_settings_files=off --write_settings_files=off AddressDecode -c AddressDecode
quartus_tan --read_settings_files=off --write_settings_files=off AddressDecode -c AddressDecode



